
> anima-project@1.0.0 test C:\Users\ZLSH01LT2304005\Documents\Repos\deans-filing-system
> vitest run


[7m[1m[36m RUN [39m[22m[27m [36mv1.6.1[39m [90mC:/Users/ZLSH01LT2304005/Documents/Repos/deans-filing-system[39m

 [33mΓ¥»[39m tests/services/api.aaa.test.js [2m ([22m[2m37 tests[22m [2m|[22m [31m1 failed[39m[2m)[22m[90m 256[2mms[22m[39m
[31m   [33mΓ¥»[31m tests/services/api.aaa.test.js[2m > [22mAPI Service - Arrange-Act-Assert Tests[2m > [22mAPI Module Organization[2m > [22mshould provide 28 total API endpoints across all modules[39m
[31m     ΓåÆ expected 32 to be 28 // Object.is equality[39m
 [32mΓ£ô[39m tests/components/ProtectedRoute.aaa.test.jsx [2m ([22m[2m25 tests[22m[2m)[22m[33m 395[2mms[22m[39m

node.exe : [31mΓÄ»ΓÄ»ΓÄ»ΓÄ»ΓÄ»ΓÄ»ΓÄ»[1m[7m Failed Tests 1 
[27m[22mΓÄ»ΓÄ»ΓÄ»ΓÄ»ΓÄ»ΓÄ»ΓÄ»[39m
At C:\Users\ZLSH01LT2304005\AppData\Roaming\npm\pnpm.ps1:24 char:5
+     & "node$exe"  "$basedir/node_modules/pnpm/bin/pnpm.cjs" $args
+     ~~~~~~~~~~~~~~~~~~~~~~~~~~~~~~~~~~~~~~~~~~~~~~~~~~~~~~~~~~~~~
    + CategoryInfo          : NotSpecified: ([31mΓÄ»ΓÄ»ΓÄ»Γ...»ΓÄ»ΓÄ»ΓÄ»[39m:Stri 
   ng) [], RemoteException
    + FullyQualifiedErrorId : NativeCommandError
 

[31m[1m[7m FAIL [27m[22m[39m tests/services/api.aaa.test.js[2m > [22mAPI 
Service - Arrange-Act-Assert Tests[2m > [22mAPI Module Organization[2m > 
[22mshould provide 28 total API endpoints across all modules
[31m[1mAssertionError[22m: expected 32 to be 28 // Object.is equality[39m

[32m- Expected[39m
[31m+ Received[39m

[32m- 28[39m
[31m+ 32[39m

[36m [2mΓ¥»[22m tests/services/api.aaa.test.js:[2m366:30[22m[39m
    [90m364| [39m      [35mconst[39m totalEndpoints [33m=[39m [33mObject[39m
[33m.[39m[34mvalues[39m(endpointCounts)[33m.[39m[34mreduce[39m((sumΓÇª
    [90m365| [39m
    [90m366| [39m      
[34mexpect[39m(totalEndpoints)[33m.[39m[34mtoBe[39m([34m28[39m)[33m;[39m
    [90m   | [39m                             [31m^[39m
    [90m367| [39m    })[33m;[39m
    [90m368| [39m

[31m[2mΓÄ»ΓÄ»ΓÄ»ΓÄ»ΓÄ»ΓÄ»ΓÄ»ΓÄ»ΓÄ»ΓÄ»ΓÄ»ΓÄ»ΓÄ»ΓÄ»ΓÄ»ΓÄ»ΓÄ»ΓÄ»ΓÄ»ΓÄ»ΓÄ»ΓÄ»ΓÄ»ΓÄ»[1/
1]ΓÄ»[22m[39m

[2m Test Files [22m [1m[31m1 failed[39m[22m[2m | [22m[1m[32m1 passed[39m[22m[90m (2)[39m
[2m      Tests [22m [1m[31m1 failed[39m[22m[2m | [22m[1m[32m61 passed[39m[22m[90m (62)[39m
[2m   Start at [22m 00:34:52
[2m   Duration [22m 3.29s[2m (transform 134ms, setup 732ms, collect 256ms, tests 651ms, environment 3.16s, prepare 628ms)[22m

ΓÇëELIFECYCLEΓÇë Test failed. See above for more details.
